This is pdfTeX, Version 3.141592653-2.6-1.40.25 (TeX Live 2023) (preloaded format=pdflatex)
 restricted \write18 enabled.
entering extended mode
(./main.tex
LaTeX2e <2022-11-01> patch level 1
L3 programming layer <2023-02-22> (./acmart.cls
Document Class: acmart 2024/12/28 v2.12 Typesetting articles for the Associatio
n for Computing Machinery
(d:/latex/texlive/2023/texmf-dist/tex/latex/xkeyval/xkeyval.sty
(d:/latex/texlive/2023/texmf-dist/tex/generic/xkeyval/xkeyval.tex
(d:/latex/texlive/2023/texmf-dist/tex/generic/xkeyval/xkvutils.tex
(d:/latex/texlive/2023/texmf-dist/tex/generic/xkeyval/keyval.tex))))
(d:/latex/texlive/2023/texmf-dist/tex/generic/xstring/xstring.sty
(d:/latex/texlive/2023/texmf-dist/tex/generic/xstring/xstring.tex))
(d:/latex/texlive/2023/texmf-dist/tex/generic/iftex/iftex.sty)
(d:/latex/texlive/2023/texmf-dist/tex/latex/amscls/amsart.cls
Document Class: amsart 2020/05/29 v2.20.6
(d:/latex/texlive/2023/texmf-dist/tex/latex/amsmath/amsmath.sty
For additional information on amsmath, use the `?' option.
(d:/latex/texlive/2023/texmf-dist/tex/latex/amsmath/amstext.sty
(d:/latex/texlive/2023/texmf-dist/tex/latex/amsmath/amsgen.sty))
(d:/latex/texlive/2023/texmf-dist/tex/latex/amsmath/amsbsy.sty)
(d:/latex/texlive/2023/texmf-dist/tex/latex/amsmath/amsopn.sty))
(d:/latex/texlive/2023/texmf-dist/tex/latex/amsfonts/umsa.fd)
(d:/latex/texlive/2023/texmf-dist/tex/latex/amsfonts/amsfonts.sty))
(d:/latex/texlive/2023/texmf-dist/tex/latex/microtype/microtype.sty
(d:/latex/texlive/2023/texmf-dist/tex/latex/etoolbox/etoolbox.sty)
(d:/latex/texlive/2023/texmf-dist/tex/latex/microtype/microtype-pdftex.def)
(d:/latex/texlive/2023/texmf-dist/tex/latex/microtype/microtype.cfg))
(d:/latex/texlive/2023/texmf-dist/tex/latex/booktabs/booktabs.sty)
(d:/latex/texlive/2023/texmf-dist/tex/latex/refcount/refcount.sty
(d:/latex/texlive/2023/texmf-dist/tex/generic/ltxcmds/ltxcmds.sty)
(d:/latex/texlive/2023/texmf-dist/tex/generic/infwarerr/infwarerr.sty))
(d:/latex/texlive/2023/texmf-dist/tex/latex/totpages/totpages.sty
(d:/latex/texlive/2023/texmf-dist/tex/latex/everyshi/everyshi.sty))
(d:/latex/texlive/2023/texmf-dist/tex/latex/environ/environ.sty
(d:/latex/texlive/2023/texmf-dist/tex/latex/trimspaces/trimspaces.sty))
(d:/latex/texlive/2023/texmf-dist/tex/latex/natbib/natbib.sty)
(d:/latex/texlive/2023/texmf-dist/tex/latex/hyperref/hyperref.sty
(d:/latex/texlive/2023/texmf-dist/tex/generic/pdftexcmds/pdftexcmds.sty)
(d:/latex/texlive/2023/texmf-dist/tex/latex/kvsetkeys/kvsetkeys.sty)
(d:/latex/texlive/2023/texmf-dist/tex/generic/kvdefinekeys/kvdefinekeys.sty)
(d:/latex/texlive/2023/texmf-dist/tex/generic/pdfescape/pdfescape.sty)
(d:/latex/texlive/2023/texmf-dist/tex/latex/hycolor/hycolor.sty)
(d:/latex/texlive/2023/texmf-dist/tex/latex/letltxmacro/letltxmacro.sty)
(d:/latex/texlive/2023/texmf-dist/tex/latex/auxhook/auxhook.sty)
(d:/latex/texlive/2023/texmf-dist/tex/latex/hyperref/nameref.sty
(d:/latex/texlive/2023/texmf-dist/tex/generic/gettitlestring/gettitlestring.sty
(d:/latex/texlive/2023/texmf-dist/tex/latex/kvoptions/kvoptions.sty)))
(d:/latex/texlive/2023/texmf-dist/tex/latex/hyperref/pd1enc.def)
(d:/latex/texlive/2023/texmf-dist/tex/generic/intcalc/intcalc.sty)
(d:/latex/texlive/2023/texmf-dist/tex/generic/etexcmds/etexcmds.sty)
(d:/latex/texlive/2023/texmf-dist/tex/latex/hyperref/puenc.def)
(d:/latex/texlive/2023/texmf-dist/tex/latex/url/url.sty)
(d:/latex/texlive/2023/texmf-dist/tex/generic/bitset/bitset.sty
(d:/latex/texlive/2023/texmf-dist/tex/generic/bigintcalc/bigintcalc.sty))
(d:/latex/texlive/2023/texmf-dist/tex/latex/base/atbegshi-ltx.sty))
(d:/latex/texlive/2023/texmf-dist/tex/latex/hyperref/hpdftex.def
(d:/latex/texlive/2023/texmf-dist/tex/latex/base/atveryend-ltx.sty)
(d:/latex/texlive/2023/texmf-dist/tex/latex/rerunfilecheck/rerunfilecheck.sty
(d:/latex/texlive/2023/texmf-dist/tex/generic/uniquecounter/uniquecounter.sty))
) (d:/latex/texlive/2023/texmf-dist/tex/latex/hyperxmp/hyperxmp.sty
(d:/latex/texlive/2023/texmf-dist/tex/generic/stringenc/stringenc.sty)
(d:/latex/texlive/2023/texmf-dist/tex/latex/ifmtarg/ifmtarg.sty)
(d:/latex/texlive/2023/texmf-dist/tex/latex/base/ifthen.sty)
(d:/latex/texlive/2023/texmf-dist/tex/latex/oberdiek/ifdraft.sty)
(d:/latex/texlive/2023/texmf-dist/tex/generic/iftex/ifluatex.sty))
(d:/latex/texlive/2023/texmf-dist/tex/latex/graphics/graphicx.sty
(d:/latex/texlive/2023/texmf-dist/tex/latex/graphics/graphics.sty
(d:/latex/texlive/2023/texmf-dist/tex/latex/graphics/trig.sty)
(d:/latex/texlive/2023/texmf-dist/tex/latex/graphics-cfg/graphics.cfg)
(d:/latex/texlive/2023/texmf-dist/tex/latex/graphics-def/pdftex.def)))
(d:/latex/texlive/2023/texmf-dist/tex/latex/xcolor/xcolor.sty
(d:/latex/texlive/2023/texmf-dist/tex/latex/graphics-cfg/color.cfg)
(d:/latex/texlive/2023/texmf-dist/tex/latex/graphics/mathcolor.ltx))
(d:/latex/texlive/2023/texmf-dist/tex/latex/geometry/geometry.sty
(d:/latex/texlive/2023/texmf-dist/tex/generic/iftex/ifvtex.sty))
(d:/latex/texlive/2023/texmf-dist/tex/latex/ncctools/manyfoot.sty
(d:/latex/texlive/2023/texmf-dist/tex/latex/ncctools/nccfoots.sty))
(d:/latex/texlive/2023/texmf-dist/tex/generic/pdftex/glyphtounicode.tex)
(d:/latex/texlive/2023/texmf-dist/tex/latex/cmap/cmap.sty)
(d:/latex/texlive/2023/texmf-dist/tex/latex/base/fontenc.sty<<t1.cmap>>)
(d:/latex/texlive/2023/texmf-dist/tex/latex/libertine/libertine.sty
(d:/latex/texlive/2023/texmf-dist/tex/generic/iftex/ifxetex.sty)
(d:/latex/texlive/2023/texmf-dist/tex/latex/base/textcomp.sty)
(d:/latex/texlive/2023/texmf-dist/tex/latex/base/fontenc.sty)
(d:/latex/texlive/2023/texmf-dist/tex/latex/fontaxes/fontaxes.sty)
(d:/latex/texlive/2023/texmf-dist/tex/latex/libertine/LinLibertine_I.tex))
(d:/latex/texlive/2023/texmf-dist/tex/latex/inconsolata/zi4.sty
`inconsolata-zi4' v1.12, 2019/05/17 Text macros for Inconsolata (msharpe))
(d:/latex/texlive/2023/texmf-dist/tex/latex/newtx/newtxmath.sty
`newtxmath' v1.71, 2022/01/16 Math macros based originally on txfonts (msharpe)
(d:/latex/texlive/2023/texmf-dist/tex/latex/oberdiek/centernot.sty)
(d:/latex/texlive/2023/texmf-dist/tex/generic/kastrup/binhex.tex)
amsthm NOT loaded
) (d:/latex/texlive/2023/texmf-dist/tex/latex/caption/caption.sty
(d:/latex/texlive/2023/texmf-dist/tex/latex/caption/caption3.sty
(d:/latex/texlive/2023/texmf-dist/tex/latex/caption/caption-ams-smf.sto)))
(d:/latex/texlive/2023/texmf-dist/tex/latex/float/float.sty)
(d:/latex/texlive/2023/texmf-dist/tex/latex/comment/comment.sty
Excluding comment 'comment') Excluding comment 'CCSXML'
(d:/latex/texlive/2023/texmf-dist/tex/latex/fancyhdr/fancyhdr.sty)
Special comment 'acks'
(d:/latex/texlive/2023/texmf-dist/tex/latex/libertine/T1LinuxLibertineT-TLF.fd)
) Include comment 'screenonly' Excluding comment 'printonly'
Include comment 'anonsuppress'
(d:/latex/texlive/2023/texmf-dist/tex/latex/l3backend/l3backend-pdftex.def)
(./main.aux) (d:/latex/texlive/2023/texmf-dist/tex/latex/newtx/omlnxlmi.fd)
(d:/latex/texlive/2023/texmf-dist/tex/latex/newtx/untxexa.fd)
(d:/latex/texlive/2023/texmf-dist/tex/latex/newtx/lmsntxsy.fd)
(d:/latex/texlive/2023/texmf-dist/tex/latex/newtx/lmxntxexx.fd)
(d:/latex/texlive/2023/texmf-dist/tex/latex/libertine/OT1LinuxLibertineT-TLF.fd
)<<ot1.cmap>><<oml.cmap>>
(d:/latex/texlive/2023/texmf-dist/tex/latex/amsfonts/umsa.fd)
(d:/latex/texlive/2023/texmf-dist/tex/latex/amsfonts/umsb.fd)
(d:/latex/texlive/2023/texmf-dist/tex/latex/newtx/untxmia.fd)
(d:/latex/texlive/2023/texmf-dist/tex/latex/newtx/untxsym.fd)
(d:/latex/texlive/2023/texmf-dist/tex/latex/newtx/untxsyc.fd) (./main.out)
(./main.out)
(d:/latex/texlive/2023/texmf-dist/tex/context/base/mkii/supp-pdf.mkii
[Loading MPS to PDF converter (version 2006.09.02).]
) (d:/latex/texlive/2023/texmf-dist/tex/latex/epstopdf-pkg/epstopdf-base.sty
(d:/latex/texlive/2023/texmf-dist/tex/latex/latexconfig/epstopdf-sys.cfg))
*geometry* driver: auto-detecting
*geometry* detected driver: pdftex
(d:/latex/texlive/2023/texmf-dist/tex/latex/upquote/upquote.sty)
(d:/latex/texlive/2023/texmf-dist/tex/latex/libertine/T1LinuxBiolinumT-TLF.fd)
(d:/latex/texlive/2023/texmf-dist/tex/latex/libertine/TS1LinuxLibertineT-TLF.fd
) (./abstract.tex
(d:/latex/texlive/2023/texmf-dist/tex/latex/microtype/mt-msa.cfg)
(d:/latex/texlive/2023/texmf-dist/tex/latex/microtype/mt-msb.cfg))
(./introduction.tex

Package natbib Warning: Citation `wongpiromsarn2015automata' on page 1 undefine
d on input line 4.


Package natbib Warning: Citation `murali2024closure' on page 1 undefined on inp
ut line 4.


Package natbib Warning: Citation `xue2021reach' on page 1 undefined on input li
ne 9.


Package natbib Warning: Citation `vzikelic2023learning' on page 1 undefined on 
input line 9.


Package natbib Warning: Citation `ansaripour2023learning' on page 1 undefined o
n input line 9.


Package natbib Warning: Citation `vzikelic2023compositional' on page 1 undefine
d on input line 9.


Package natbib Warning: Citation `neustroev2025neural' on page 1 undefined on i
nput line 9.


Package natbib Warning: Citation `pnueli1977temporal' on page 1 undefined on in
put line 9.


Package natbib Warning: Citation `baier2008principles' on page 1 undefined on i
nput line 9.


Package natbib Warning: Citation `chakarov2013probabilistic' on page 1 undefine
d on input line 34.


Package natbib Warning: Citation `chatterjee2016algorithmic' on page 1 undefine
d on input line 34.


Package natbib Warning: Citation `chatterjee2024sound' on page 1 undefined on i
nput line 34.


Package natbib Warning: Citation `chatterjee2024equivalence' on page 1 undefine
d on input line 34.


Package natbib Warning: Citation `murali2024closure' on page 1 undefined on inp
ut line 34.


Package natbib Warning: Citation `wongpiromsarn2015automata' on page 1 undefine
d on input line 34.


Package natbib Warning: Citation `buchi1966symposium' on page 1 undefined on in
put line 34.

[1.1{d:/latex/texlive/2023/texmf-var/fonts/map/pdftex/updmap/pdftex.map}{d:/lat
ex/texlive/2023/texmf-dist/fonts/enc/dvips/libertine/lbtn_25tcsq.enc}{d:/latex/
texlive/2023/texmf-dist/fonts/enc/dvips/libertine/lbtn_76gpa5.enc}{d:/latex/tex
live/2023/texmf-dist/fonts/enc/dvips/libertine/lbtn_nh77jq.enc}{d:/latex/texliv
e/2023/texmf-dist/fonts/enc/dvips/libertine/lbtn_7grukw.enc}{d:/latex/texlive/2
023/texmf-dist/fonts/enc/dvips/libertine/lbtn_naooyc.enc}]

Package natbib Warning: Citation `wongpiromsarn2015automata' on page 2 undefine
d on input line 57.


Package natbib Warning: Citation `prajna2007framework' on page 2 undefined on i
nput line 57.


Package natbib Warning: Citation `murali2024closure' on page 2 undefined on inp
ut line 57.


Package natbib Warning: Citation `podelski2004transition' on page 2 undefined o
n input line 57.


Package natbib Warning: Citation `chakarov2013probabilistic' on page 2 undefine
d on input line 57.


Package natbib Warning: Citation `chatterjee2016algorithmic' on page 2 undefine
d on input line 57.


Package natbib Warning: Citation `chatterjee2024sound' on page 2 undefined on i
nput line 57.


Package natbib Warning: Citation `chatterjee2024equivalence' on page 2 undefine
d on input line 57.


Package natbib Warning: Citation `couvreur1999fly' on page 2 undefined on input
 line 57.


Package natbib Warning: Citation `giannakopoulou2002states' on page 2 undefined
 on input line 57.


Package natbib Warning: Citation `owl' on page 2 undefined on input line 57.


Package natbib Warning: Citation `spot' on page 2 undefined on input line 57.

) (./preliminaries.tex
(d:/latex/texlive/2023/texmf-dist/tex/latex/libertine/TS1LinuxBiolinumT-TLF.fd)
[2.2{d:/latex/texlive/2023/texmf-dist/fonts/enc/dvips/libertine/lbtn_afusau.enc
}{d:/latex/texlive/2023/texmf-dist/fonts/enc/dvips/libertine/lbtn_oexx6f.enc}]

Package natbib Warning: Citation `pnueli1977temporal' on page 3 undefined on in
put line 41.

[3.3{d:/latex/texlive/2023/texmf-dist/fonts/enc/dvips/libertine/lbtn_kijugd.enc
}]) (./method.tex [4.4{d:/latex/texlive/2023/texmf-dist/fonts/enc/dvips/liberti
ne/lbtn_ncsllp.enc}]

Package natbib Warning: Citation `vardi2005automata' on page 5 undefined on inp
ut line 85.


Package natbib Warning: Citation `complementnba' on page 5 undefined on input l
ine 85.

[5.5]

Package natbib Warning: Citation `wongpiromsarn2015automata' on page 6 undefine
d on input line 88.


Package natbib Warning: Citation `murali2024closure' on page 6 undefined on inp
ut line 99.

) (./synthesis.tex

LaTeX Warning: Reference `sec:method' on page 6 undefined on input line 4.


Package natbib Warning: Citation `solar2008program' on page 6 undefined on inpu
t line 9.

[6.6{d:/latex/texlive/2023/texmf-dist/fonts/enc/dvips/libertine/lbtn_fygcup.enc
}]

Package natbib Warning: Citation `gao2012delta' on page 7 undefined on input li
ne 68.


Package natbib Warning: Citation `kong2018delta' on page 7 undefined on input l
ine 68.

[7.7]

Package natbib Warning: Citation `parrilo2003semidefinite' on page 8 undefined 
on input line 73.

(d:/latex/texlive/2023/texmf-dist/tex/latex/inconsolata/t1zi4.fd)

Package natbib Warning: Citation `prajna2002introducing' on page 8 undefined on
 input line 108.


Package natbib Warning: Citation `Yuan_SumOfSquares_py' on page 8 undefined on 
input line 108.


Package natbib Warning: Citation `parrilo2003semidefinite' on page 8 undefined 
on input line 108.

) (./casestudy.tex

Package natbib Warning: Citation `murali2024closure' on page 8 undefined on inp
ut line 4.


Package natbib Warning: Citation `de2008z3' on page 8 undefined on input line 7
.


Package natbib Warning: Citation `gao2013dreal' on page 8 undefined on input li
ne 7.


Package natbib Warning: Citation `Yuan_SumOfSquares_py' on page 8 undefined on 
input line 7.


Package natbib Warning: Citation `murali2024closure' on page 8 undefined on inp
ut line 7.

[8.8{d:/latex/texlive/2023/texmf-dist/fonts/enc/dvips/inconsolata/i4-t1-4.enc}]

Package natbib Warning: Citation `guo2021overviews' on page 9 undefined on inpu
t line 11.


Class acmart Warning: A possible image without description on input line 26.


Package natbib Warning: Citation `murali2024closure' on page 9 undefined on inp
ut line 42.

[9.9 <./pic/tbnba1-eps-converted-to.pdf>]

Package natbib Warning: Citation `murali2024closure' on page 10 undefined on in
put line 66.


Package natbib Warning: Citation `anand2024compositional' on page 10 undefined 
on input line 70.


! LaTeX Error: Environment bsmallmatrix undefined.

See the LaTeX manual or LaTeX Companion for explanation.
Type  H <return>  for immediate help.
 ...                                              
                                                  
l.82 where $A = \begin{bsmallmatrix}
                                     1 - 2\alpha - \theta - \mu u(x_1) & \al...

! Misplaced alignment tab character &.
l.82 ...atrix} 1 - 2\alpha - \theta - \mu u(x_1) &
                                                   \alpha \\ \alpha & 1 - 2\...

! Misplaced alignment tab character &.
l.82 ...- \theta - \mu u(x_1) & \alpha \\ \alpha &
                                                   1 - 2\alpha - \theta - \m...


! LaTeX Error: \begin{document} ended by \end{bsmallmatrix}.

See the LaTeX manual or LaTeX Companion for explanation.
Type  H <return>  for immediate help.
 ...                                              
                                                  
l.82 ...a - \theta - \mu u(x_2) \end{bsmallmatrix}
                                                  $, $\alpha = 0.004$, $\the...


Class acmart Warning: A possible image without description on input line 89.


Package natbib Warning: Citation `murali2024closure' on page 10 undefined on in
put line 109.

[10.10 <./pic/tbnba2-eps-converted-to.pdf>]

LaTeX Warning: Reference `sec:method' on page 11 undefined on input line 113.


Package natbib Warning: Citation `murali2024closure' on page 11 undefined on in
put line 117.


Package natbib Warning: Citation `murali2024closure' on page 11 undefined on in
put line 117.


Package natbib Warning: Citation `murali2024closure' on page 11 undefined on in
put line 121.

) (./conclusion.tex

Package natbib Warning: Citation `murali2024closure' on page 11 undefined on in
put line 10.


Package natbib Warning: Citation `xue2021reach' on page 11 undefined on input l
ine 10.

[11.11])
No file main.bbl.
(./appendix.tex

Package natbib Warning: Citation `prajna2004safety' on page 12 undefined on inp
ut line 2.


Package natbib Warning: Citation `murali2024closure' on page 12 undefined on in
put line 2.


Package natbib Warning: Citation `murali2024closure' on page 12 undefined on in
put line 2.

[12.12] [13.13] [14.14]

Class acmart Warning: \vspace should only be used to provide space above/below 
surrounding objects on input line 185.

)

Package natbib Warning: There were undefined citations.


Class acmart Warning: Some images may lack descriptions.


Class acmart Warning: ACM keywords are mandatory for papers over two pages.


Class acmart Warning: CCS concepts are mandatory for papers over two pages.

(d:/latex/texlive/2023/texmf-dist/tex/generic/stringenc/se-pdfdoc.def)
(d:/latex/texlive/2023/texmf-dist/tex/generic/stringenc/se-utf8.def) [15.15]
(./main.aux)

LaTeX Warning: There were undefined references.


LaTeX Warning: Label(s) may have changed. Rerun to get cross-references right.

 )
(see the transcript file for additional information)<d:/latex/texlive/2023/texm
f-dist/fonts/type1/public/inconsolata/Inconsolata-zi4r.pfb><d:/latex/texlive/20
23/texmf-dist/fonts/type1/public/newtx/LibertineMathMI.pfb><d:/latex/texlive/20
23/texmf-dist/fonts/type1/public/newtx/LibertineMathMI5.pfb><d:/latex/texlive/2
023/texmf-dist/fonts/type1/public/newtx/LibertineMathMI7.pfb><d:/latex/texlive/
2023/texmf-dist/fonts/type1/public/newtx/LibertineMathRM.pfb><d:/latex/texlive/
2023/texmf-dist/fonts/type1/public/libertine/LinBiolinumT.pfb><d:/latex/texlive
/2023/texmf-dist/fonts/type1/public/libertine/LinBiolinumTB.pfb><d:/latex/texli
ve/2023/texmf-dist/fonts/type1/public/libertine/LinBiolinumTI.pfb><d:/latex/tex
live/2023/texmf-dist/fonts/type1/public/libertine/LinLibertineT.pfb><d:/latex/t
exlive/2023/texmf-dist/fonts/type1/public/libertine/LinLibertineTB.pfb><d:/late
x/texlive/2023/texmf-dist/fonts/type1/public/libertine/LinLibertineTI.pfb><d:/l
atex/texlive/2023/texmf-dist/fonts/type1/public/libertine/LinLibertineTZ.pfb><d
:/latex/texlive/2023/texmf-dist/fonts/type1/public/newtx/NewTXMI.pfb><d:/latex/
texlive/2023/texmf-dist/fonts/type1/public/newtx/NewTXMI7.pfb><d:/latex/texlive
/2023/texmf-dist/fonts/type1/public/newtx/txexs.pfb><d:/latex/texlive/2023/texm
f-dist/fonts/type1/public/newtx/txmiaX.pfb><d:/latex/texlive/2023/texmf-dist/fo
nts/type1/public/txfonts/txsya.pfb><d:/latex/texlive/2023/texmf-dist/fonts/type
1/public/txfonts/txsyb.pfb><d:/latex/texlive/2023/texmf-dist/fonts/type1/public
/newtx/txsys.pfb>
Output written on main.pdf (15 pages, 694178 bytes).
Transcript written on main.log.
